[INFO] Scanning for projects...
[INFO] 
[INFO] --------------------< cub.ret.tru:batch-log-system >--------------------
[INFO] Building Spring Batch Log System 1.0.0
[INFO]   from pom.xml
[INFO] --------------------------------[ jar ]---------------------------------
[INFO] 
[INFO] >>> spring-boot:3.2.0:run (default-cli) > test-compile @ batch-log-system >>>
[INFO] 
[INFO] --- resources:3.3.1:resources (default-resources) @ batch-log-system ---
[INFO] Copying 1 resource from src/main/resources to target/classes
[INFO] Copying 3 resources from src/main/resources to target/classes
[INFO] 
[INFO] --- compiler:3.11.0:compile (default-compile) @ batch-log-system ---
[INFO] Nothing to compile - all classes are up to date
[INFO] 
[INFO] --- resources:3.3.1:testResources (default-testResources) @ batch-log-system ---
[INFO] skip non existing resourceDirectory /Users/audi/Downloads/log/src/test/resources
[INFO] 
[INFO] --- compiler:3.11.0:testCompile (default-testCompile) @ batch-log-system ---
[INFO] No sources to compile
[INFO] 
[INFO] <<< spring-boot:3.2.0:run (default-cli) < test-compile @ batch-log-system <<<
[INFO] 
[INFO] 
[INFO] --- spring-boot:3.2.0:run (default-cli) @ batch-log-system ---
[INFO] Attaching agents: []
WARN StatusConsoleListener The use of package scanning to locate plugins is deprecated and will be removed in a future release
WARN StatusConsoleListener The use of package scanning to locate plugins is deprecated and will be removed in a future release
WARN StatusConsoleListener The use of package scanning to locate plugins is deprecated and will be removed in a future release
WARN StatusConsoleListener The use of package scanning to locate plugins is deprecated and will be removed in a future release
WARN StatusConsoleListener The use of package scanning to locate plugins is deprecated and will be removed in a future release
WARN StatusConsoleListener The use of package scanning to locate plugins is deprecated and will be removed in a future release
WARN StatusConsoleListener The use of package scanning to locate plugins is deprecated and will be removed in a future release
WARN StatusConsoleListener The use of package scanning to locate plugins is deprecated and will be removed in a future release

  .   ____          _            __ _ _
 /\\ / ___'_ __ _ _(_)_ __  __ _ \ \ \ \
( ( )\___ | '_ | '_| | '_ \/ _` | \ \ \ \
 \\/  ___)| |_)| | | | | || (_| |  ) ) ) )
  '  |____| .__|_| |_|_| |_\__, | / / / /
 =========|_|==============|___/=/_/_/_/
[32m :: Spring Boot :: [39m              [2m (v3.2.0)[0;39m

2025-05-25 08:27:51.759 [main] INFO  cub.ret.tru.BatchLogSystemApplication [] [] [] - Starting BatchLogSystemApplication using Java 23.0.2 with PID 41854 (/Users/audi/Downloads/log/target/classes started by audi in /Users/audi/Downloads/log)
2025-05-25 08:27:51.761 [main] DEBUG cub.ret.tru.BatchLogSystemApplication [] [] [] - Running with Spring Boot v3.2.0, Spring v6.1.1
2025-05-25 08:27:51.761 [main] INFO  cub.ret.tru.BatchLogSystemApplication [] [] [] - No active profile set, falling back to 1 default profile: "default"
2025-05-25 08:27:51.888 [main] INFO  org.springframework.batch.core.configuration.annotation.BatchRegistrar [] [] [] - Finished Spring Batch infrastructure beans configuration in 1 ms.
2025-05-25 08:27:51.944 [main] INFO  org.springframework.data.repository.config.RepositoryConfigurationDelegate [] [] [] - Bootstrapping Spring Data JPA repositories in DEFAULT mode.
2025-05-25 08:27:51.963 [main] INFO  org.springframework.data.repository.config.RepositoryConfigurationDelegate [] [] [] - Finished Spring Data repository scanning in 17 ms. Found 3 JPA repository interfaces.
2025-05-25 08:27:52.045 [main] WARN  org.springframework.context.support.PostProcessorRegistrationDelegate$BeanPostProcessorChecker [] [] [] - Bean 'jobRegistry' of type [org.springframework.batch.core.configuration.support.MapJobRegistry] is not eligible for getting processed by all BeanPostProcessors (for example: not eligible for auto-proxying). Is this bean getting eagerly injected into a currently created BeanPostProcessor [jobRegistryBeanPostProcessor]? Check the corresponding BeanPostProcessor declaration and its dependencies.
2025-05-25 08:27:52.124 [main] INFO  org.springframework.boot.web.embedded.tomcat.TomcatWebServer [] [] [] - Tomcat initialized with port 8089 (http)
2025-05-25 08:27:52.127 [main] INFO  org.apache.coyote.http11.Http11NioProtocol [] [] [] - Initializing ProtocolHandler ["http-nio-8089"]
2025-05-25 08:27:52.128 [main] INFO  org.apache.catalina.core.StandardService [] [] [] - Starting service [Tomcat]
2025-05-25 08:27:52.128 [main] INFO  org.apache.catalina.core.StandardEngine [] [] [] - Starting Servlet engine: [Apache Tomcat/10.1.16]
2025-05-25 08:27:52.142 [main] INFO  org.apache.catalina.core.ContainerBase.[Tomcat].[localhost].[/] [] [] [] - Initializing Spring embedded WebApplicationContext
2025-05-25 08:27:52.142 [main] INFO  org.springframework.boot.web.servlet.context.ServletWebServerApplicationContext [] [] [] - Root WebApplicationContext: initialization completed in 369 ms
2025-05-25 08:27:52.196 [main] INFO  org.hibernate.jpa.internal.util.LogHelper [] [] [] - HHH000204: Processing PersistenceUnitInfo [name: default]
2025-05-25 08:27:52.211 [main] INFO  org.hibernate.Version [] [] [] - HHH000412: Hibernate ORM core version 6.3.1.Final
2025-05-25 08:27:52.221 [main] INFO  org.hibernate.cache.internal.RegionFactoryInitiator [] [] [] - HHH000026: Second-level cache disabled
2025-05-25 08:27:52.289 [main] INFO  org.springframework.orm.jpa.persistenceunit.SpringPersistenceUnitInfo [] [] [] - No LoadTimeWeaver setup: ignoring JPA class transformer
2025-05-25 08:27:52.297 [main] INFO  com.zaxxer.hikari.HikariDataSource [] [] [] - BatchLogHikariPool - Starting...
2025-05-25 08:27:52.374 [main] INFO  com.zaxxer.hikari.pool.HikariPool [] [] [] - BatchLogHikariPool - Added connection org.postgresql.jdbc.PgConnection@6d617b07
2025-05-25 08:27:52.375 [main] INFO  com.zaxxer.hikari.HikariDataSource [] [] [] - BatchLogHikariPool - Start completed.
2025-05-25 08:27:52.388 [main] WARN  org.hibernate.orm.deprecation [] [] [] - HHH90000025: PostgreSQLDialect does not need to be specified explicitly using 'hibernate.dialect' (remove the property setting and it will be selected by default)
2025-05-25 08:27:52.654 [main] INFO  org.hibernate.engine.transaction.jta.platform.internal.JtaPlatformInitiator [] [] [] - HHH000489: No JTA platform available (set 'hibernate.transaction.jta.platform' to enable JTA platform integration)
2025-05-25 08:27:52.693 [main] INFO  org.springframework.orm.jpa.LocalContainerEntityManagerFactoryBean [] [] [] - Initialized JPA EntityManagerFactory for persistence unit 'default'
2025-05-25 08:27:52.772 [main] INFO  org.springframework.data.jpa.repository.query.QueryEnhancerFactory [] [] [] - Hibernate is in classpath; If applicable, HQL parser will be used.
2025-05-25 08:27:53.002 [main] INFO  org.springframework.batch.core.repository.support.JobRepositoryFactoryBean [] [] [] - No database type set, using meta data indicating: POSTGRES
2025-05-25 08:27:53.008 [main] INFO  org.springframework.batch.core.launch.support.SimpleJobLauncher [] [] [] - No TaskExecutor has been set, defaulting to synchronous executor.
2025-05-25 08:27:53.022 [main] INFO  cub.ret.tru.batch.service.OptimizedLogStreamService [] [] [] - OptimizedLogStreamService 已初始化，啟動定期清理任務
2025-05-25 08:27:53.034 [main] INFO  org.springframework.batch.core.configuration.annotation.BatchObservabilityBeanPostProcessor [] [] [] - No Micrometer observation registry found, defaulting to ObservationRegistry.NOOP
2025-05-25 08:27:53.035 [main] INFO  org.springframework.batch.core.configuration.annotation.BatchObservabilityBeanPostProcessor [] [] [] - No Micrometer observation registry found, defaulting to ObservationRegistry.NOOP
2025-05-25 08:27:53.035 [main] INFO  org.springframework.batch.core.configuration.annotation.BatchObservabilityBeanPostProcessor [] [] [] - No Micrometer observation registry found, defaulting to ObservationRegistry.NOOP
2025-05-25 08:27:53.035 [main] INFO  org.springframework.batch.core.configuration.annotation.BatchObservabilityBeanPostProcessor [] [] [] - No Micrometer observation registry found, defaulting to ObservationRegistry.NOOP
2025-05-25 08:27:53.037 [main] INFO  org.springframework.batch.core.configuration.annotation.BatchObservabilityBeanPostProcessor [] [] [] - No Micrometer observation registry found, defaulting to ObservationRegistry.NOOP
2025-05-25 08:27:53.051 [main] WARN  org.springframework.boot.autoconfigure.orm.jpa.JpaBaseConfiguration$JpaWebConfiguration [] [] [] - spring.jpa.open-in-view is enabled by default. Therefore, database queries may be performed during view rendering. Explicitly configure spring.jpa.open-in-view to disable this warning
2025-05-25 08:27:53.163 [main] INFO  org.apache.coyote.http11.Http11NioProtocol [] [] [] - Starting ProtocolHandler ["http-nio-8089"]
2025-05-25 08:27:53.168 [main] INFO  org.springframework.boot.web.embedded.tomcat.TomcatWebServer [] [] [] - Tomcat started on port 8089 (http) with context path ''
2025-05-25 08:27:53.171 [main] INFO  cub.ret.tru.BatchLogSystemApplication [] [] [] - Started BatchLogSystemApplication in 1.519 seconds (process running for 1.788)
2025-05-25 08:27:53.882 [http-nio-8089-exec-1] INFO  org.apache.catalina.core.ContainerBase.[Tomcat].[localhost].[/] [] [] [] - Initializing Spring DispatcherServlet 'dispatcherServlet'
2025-05-25 08:27:53.882 [http-nio-8089-exec-1] INFO  org.springframework.web.servlet.DispatcherServlet [] [] [] - Initializing Servlet 'dispatcherServlet'
2025-05-25 08:27:53.883 [http-nio-8089-exec-1] INFO  org.springframework.web.servlet.DispatcherServlet [] [] [] - Completed initialization in 0 ms
2025-05-25 08:27:53.902 [http-nio-8089-exec-1] INFO  cub.ret.tru.batch.controller.OptimizedLogController [] [] [] - 建立 SSE 連接: bb4f22c0-a9c6-4e07-bbd5-22bed8e616b8, 參數: executionId=null, jobName=GET_EMPLOYEE_JOB, logLevels=[DEBUG, INFO, WARN, ERROR], keyword=null
2025-05-25 08:27:53.903 [http-nio-8089-exec-1] INFO  cub.ret.tru.batch.service.OptimizedLogStreamService [] [] [] - 建立 SSE 連接: bb4f22c0-a9c6-4e07-bbd5-22bed8e616b8, 目前活躍連接數: 0
2025-05-25 08:27:53.903 [http-nio-8089-exec-1] DEBUG cub.ret.tru.batch.service.LogQueryService [] [] [] - 執行日誌查詢，條件: LogQueryCriteria(executionId=null, jobName=GET_EMPLOYEE_JOB, stepName=null, logLevels=[DEBUG, INFO, WARN, ERROR], keyword=null, startTime=null, endTime=null, limit=50, sortDirection=null, queryType=REAL_TIME)
2025-05-25 08:27:53.904 [http-nio-8089-exec-1] DEBUG cub.ret.tru.batch.service.LogQueryService [] [] [] - 使用 Specification 動態查詢
2025-05-25 08:27:53.968 [http-nio-8089-exec-1] DEBUG cub.ret.tru.batch.service.LogQueryService [] [] [] - 查詢完成，返回 50 筆記錄
2025-05-25 08:27:53.968 [http-nio-8089-exec-1] DEBUG cub.ret.tru.batch.service.OptimizedLogStreamService [] [] [] - 發送初始日誌數據: 50 條, 連接: bb4f22c0-a9c6-4e07-bbd5-22bed8e616b8
2025-05-25 08:27:53.968 [http-nio-8089-exec-1] INFO  cub.ret.tru.batch.service.OptimizedLogStreamService [] [] [] - 開始輪詢任務: bb4f22c0-a9c6-4e07-bbd5-22bed8e616b8
2025-05-25 08:27:53.968 [http-nio-8089-exec-1] INFO  cub.ret.tru.batch.service.OptimizedLogStreamService [] [] [] - SSE 連接已建立: bb4f22c0-a9c6-4e07-bbd5-22bed8e616b8, 總連接數: 1, 超時設定: 30分鐘
2025-05-25 08:28:53.915 [BatchLogHikariPool housekeeper] WARN  com.zaxxer.hikari.pool.ProxyLeakTask [] [] [] - Connection leak detection triggered for org.postgresql.jdbc.PgConnection@6d617b07 on thread http-nio-8089-exec-1, stack trace follows
java.lang.Exception: Apparent connection leak detected
	at com.zaxxer.hikari.HikariDataSource.getConnection(HikariDataSource.java:128) ~[HikariCP-5.0.1.jar:?]
	at org.hibernate.engine.jdbc.connections.internal.DatasourceConnectionProviderImpl.getConnection(DatasourceConnectionProviderImpl.java:122) ~[hibernate-core-6.3.1.Final.jar:6.3.1.Final]
	at org.hibernate.internal.NonContextualJdbcConnectionAccess.obtainConnection(NonContextualJdbcConnectionAccess.java:38) ~[hibernate-core-6.3.1.Final.jar:6.3.1.Final]
	at org.hibernate.resource.jdbc.internal.LogicalConnectionManagedImpl.acquireConnectionIfNeeded(LogicalConnectionManagedImpl.java:113) ~[hibernate-core-6.3.1.Final.jar:6.3.1.Final]
	at org.hibernate.resource.jdbc.internal.LogicalConnectionManagedImpl.getPhysicalConnection(LogicalConnectionManagedImpl.java:143) ~[hibernate-core-6.3.1.Final.jar:6.3.1.Final]
	at org.springframework.orm.jpa.vendor.HibernateJpaDialect.beginTransaction(HibernateJpaDialect.java:164) ~[spring-orm-6.1.1.jar:6.1.1]
	at org.springframework.orm.jpa.JpaTransactionManager.doBegin(JpaTransactionManager.java:420) ~[spring-orm-6.1.1.jar:6.1.1]
	at org.springframework.transaction.support.AbstractPlatformTransactionManager.startTransaction(AbstractPlatformTransactionManager.java:531) ~[spring-tx-6.1.1.jar:6.1.1]
	at org.springframework.transaction.support.AbstractPlatformTransactionManager.getTransaction(AbstractPlatformTransactionManager.java:405) ~[spring-tx-6.1.1.jar:6.1.1]
	at org.springframework.transaction.interceptor.TransactionAspectSupport.createTransactionIfNecessary(TransactionAspectSupport.java:610) ~[spring-tx-6.1.1.jar:6.1.1]
	at org.springframework.transaction.interceptor.TransactionAspectSupport.invokeWithinTransaction(TransactionAspectSupport.java:379) ~[spring-tx-6.1.1.jar:6.1.1]
	at org.springframework.transaction.interceptor.TransactionInterceptor.invoke(TransactionInterceptor.java:119) ~[spring-tx-6.1.1.jar:6.1.1]
	at org.springframework.aop.framework.ReflectiveMethodInvocation.proceed(ReflectiveMethodInvocation.java:184) ~[spring-aop-6.1.1.jar:6.1.1]
	at org.springframework.dao.support.PersistenceExceptionTranslationInterceptor.invoke(PersistenceExceptionTranslationInterceptor.java:137) ~[spring-tx-6.1.1.jar:6.1.1]
	at org.springframework.aop.framework.ReflectiveMethodInvocation.proceed(ReflectiveMethodInvocation.java:184) ~[spring-aop-6.1.1.jar:6.1.1]
	at org.springframework.data.jpa.repository.support.CrudMethodMetadataPostProcessor$CrudMethodMetadataPopulatingMethodInterceptor.invoke(CrudMethodMetadataPostProcessor.java:164) ~[spring-data-jpa-3.2.0.jar:3.2.0]
	at org.springframework.aop.framework.ReflectiveMethodInvocation.proceed(ReflectiveMethodInvocation.java:184) ~[spring-aop-6.1.1.jar:6.1.1]
	at org.springframework.aop.interceptor.ExposeInvocationInterceptor.invoke(ExposeInvocationInterceptor.java:97) ~[spring-aop-6.1.1.jar:6.1.1]
	at org.springframework.aop.framework.ReflectiveMethodInvocation.proceed(ReflectiveMethodInvocation.java:184) ~[spring-aop-6.1.1.jar:6.1.1]
	at org.springframework.aop.framework.JdkDynamicAopProxy.invoke(JdkDynamicAopProxy.java:249) ~[spring-aop-6.1.1.jar:6.1.1]
	at jdk.proxy2/jdk.proxy2.$Proxy137.findAll(Unknown Source) ~[?:?]
	at cub.ret.tru.batch.service.LogQueryService.queryLogs(LogQueryService.java:49) ~[classes/:?]
	at cub.ret.tru.batch.service.OptimizedLogStreamService.sendInitialData(OptimizedLogStreamService.java:95) ~[classes/:?]
	at cub.ret.tru.batch.service.OptimizedLogStreamService.createConnection(OptimizedLogStreamService.java:55) ~[classes/:?]
	at java.base/jdk.internal.reflect.DirectMethodHandleAccessor.invoke(DirectMethodHandleAccessor.java:103) ~[?:?]
	at java.base/java.lang.reflect.Method.invoke(Method.java:580) ~[?:?]
	at org.springframework.aop.support.AopUtils.invokeJoinpointUsingReflection(AopUtils.java:352) ~[spring-aop-6.1.1.jar:6.1.1]
	at org.springframework.aop.framework.CglibAopProxy$DynamicAdvisedInterceptor.intercept(CglibAopProxy.java:713) ~[spring-aop-6.1.1.jar:6.1.1]
	at cub.ret.tru.batch.service.OptimizedLogStreamService$$SpringCGLIB$$0.createConnection(<generated>) ~[classes/:?]
	at cub.ret.tru.batch.controller.OptimizedLogController.streamLogs(OptimizedLogController.java:104) ~[classes/:?]
	at java.base/jdk.internal.reflect.DirectMethodHandleAccessor.invoke(DirectMethodHandleAccessor.java:103) ~[?:?]
	at java.base/java.lang.reflect.Method.invoke(Method.java:580) ~[?:?]
	at org.springframework.web.method.support.InvocableHandlerMethod.doInvoke(InvocableHandlerMethod.java:254) ~[spring-web-6.1.1.jar:6.1.1]
	at org.springframework.web.method.support.InvocableHandlerMethod.invokeForRequest(InvocableHandlerMethod.java:182) ~[spring-web-6.1.1.jar:6.1.1]
	at org.springframework.web.servlet.mvc.method.annotation.ServletInvocableHandlerMethod.invokeAndHandle(ServletInvocableHandlerMethod.java:118) ~[spring-webmvc-6.1.1.jar:6.1.1]
	at org.springframework.web.servlet.mvc.method.annotation.RequestMappingHandlerAdapter.invokeHandlerMethod(RequestMappingHandlerAdapter.java:917) ~[spring-webmvc-6.1.1.jar:6.1.1]
	at org.springframework.web.servlet.mvc.method.annotation.RequestMappingHandlerAdapter.handleInternal(RequestMappingHandlerAdapter.java:829) ~[spring-webmvc-6.1.1.jar:6.1.1]
	at org.springframework.web.servlet.mvc.method.AbstractHandlerMethodAdapter.handle(AbstractHandlerMethodAdapter.java:87) ~[spring-webmvc-6.1.1.jar:6.1.1]
	at org.springframework.web.servlet.DispatcherServlet.doDispatch(DispatcherServlet.java:1089) ~[spring-webmvc-6.1.1.jar:6.1.1]
	at org.springframework.web.servlet.DispatcherServlet.doService(DispatcherServlet.java:979) ~[spring-webmvc-6.1.1.jar:6.1.1]
	at org.springframework.web.servlet.FrameworkServlet.processRequest(FrameworkServlet.java:1014) ~[spring-webmvc-6.1.1.jar:6.1.1]
	at org.springframework.web.servlet.FrameworkServlet.doGet(FrameworkServlet.java:903) ~[spring-webmvc-6.1.1.jar:6.1.1]
	at jakarta.servlet.http.HttpServlet.service(HttpServlet.java:564) ~[tomcat-embed-core-10.1.16.jar:6.0]
	at org.springframework.web.servlet.FrameworkServlet.service(FrameworkServlet.java:885) ~[spring-webmvc-6.1.1.jar:6.1.1]
	at jakarta.servlet.http.HttpServlet.service(HttpServlet.java:658) ~[tomcat-embed-core-10.1.16.jar:6.0]
	at org.apache.catalina.core.ApplicationFilterChain.internalDoFilter(ApplicationFilterChain.java:205) ~[tomcat-embed-core-10.1.16.jar:10.1.16]
	at org.apache.catalina.core.ApplicationFilterChain.doFilter(ApplicationFilterChain.java:149) ~[tomcat-embed-core-10.1.16.jar:10.1.16]
	at org.apache.tomcat.websocket.server.WsFilter.doFilter(WsFilter.java:51) ~[tomcat-embed-websocket-10.1.16.jar:10.1.16]
	at org.apache.catalina.core.ApplicationFilterChain.internalDoFilter(ApplicationFilterChain.java:174) ~[tomcat-embed-core-10.1.16.jar:10.1.16]
	at org.apache.catalina.core.ApplicationFilterChain.doFilter(ApplicationFilterChain.java:149) ~[tomcat-embed-core-10.1.16.jar:10.1.16]
	at org.springframework.web.filter.RequestContextFilter.doFilterInternal(RequestContextFilter.java:100) ~[spring-web-6.1.1.jar:6.1.1]
	at org.springframework.web.filter.OncePerRequestFilter.doFilter(OncePerRequestFilter.java:116) ~[spring-web-6.1.1.jar:6.1.1]
	at org.apache.catalina.core.ApplicationFilterChain.internalDoFilter(ApplicationFilterChain.java:174) ~[tomcat-embed-core-10.1.16.jar:10.1.16]
	at org.apache.catalina.core.ApplicationFilterChain.doFilter(ApplicationFilterChain.java:149) ~[tomcat-embed-core-10.1.16.jar:10.1.16]
	at org.springframework.web.filter.FormContentFilter.doFilterInternal(FormContentFilter.java:93) ~[spring-web-6.1.1.jar:6.1.1]
	at org.springframework.web.filter.OncePerRequestFilter.doFilter(OncePerRequestFilter.java:116) ~[spring-web-6.1.1.jar:6.1.1]
	at org.apache.catalina.core.ApplicationFilterChain.internalDoFilter(ApplicationFilterChain.java:174) ~[tomcat-embed-core-10.1.16.jar:10.1.16]
	at org.apache.catalina.core.ApplicationFilterChain.doFilter(ApplicationFilterChain.java:149) ~[tomcat-embed-core-10.1.16.jar:10.1.16]
	at org.springframework.web.filter.CharacterEncodingFilter.doFilterInternal(CharacterEncodingFilter.java:201) ~[spring-web-6.1.1.jar:6.1.1]
	at org.springframework.web.filter.OncePerRequestFilter.doFilter(OncePerRequestFilter.java:116) ~[spring-web-6.1.1.jar:6.1.1]
	at org.apache.catalina.core.ApplicationFilterChain.internalDoFilter(ApplicationFilterChain.java:174) ~[tomcat-embed-core-10.1.16.jar:10.1.16]
	at org.apache.catalina.core.ApplicationFilterChain.doFilter(ApplicationFilterChain.java:149) ~[tomcat-embed-core-10.1.16.jar:10.1.16]
	at org.apache.catalina.core.StandardWrapperValve.invoke(StandardWrapperValve.java:167) ~[tomcat-embed-core-10.1.16.jar:10.1.16]
	at org.apache.catalina.core.StandardContextValve.invoke(StandardContextValve.java:90) ~[tomcat-embed-core-10.1.16.jar:10.1.16]
	at org.apache.catalina.authenticator.AuthenticatorBase.invoke(AuthenticatorBase.java:482) ~[tomcat-embed-core-10.1.16.jar:10.1.16]
	at org.apache.catalina.core.StandardHostValve.invoke(StandardHostValve.java:115) ~[tomcat-embed-core-10.1.16.jar:10.1.16]
	at org.apache.catalina.valves.ErrorReportValve.invoke(ErrorReportValve.java:93) ~[tomcat-embed-core-10.1.16.jar:10.1.16]
	at org.apache.catalina.core.StandardEngineValve.invoke(StandardEngineValve.java:74) ~[tomcat-embed-core-10.1.16.jar:10.1.16]
	at org.apache.catalina.connector.CoyoteAdapter.service(CoyoteAdapter.java:340) ~[tomcat-embed-core-10.1.16.jar:10.1.16]
	at org.apache.coyote.http11.Http11Processor.service(Http11Processor.java:391) ~[tomcat-embed-core-10.1.16.jar:10.1.16]
	at org.apache.coyote.AbstractProcessorLight.process(AbstractProcessorLight.java:63) ~[tomcat-embed-core-10.1.16.jar:10.1.16]
	at org.apache.coyote.AbstractProtocol$ConnectionHandler.process(AbstractProtocol.java:896) ~[tomcat-embed-core-10.1.16.jar:10.1.16]
	at org.apache.tomcat.util.net.NioEndpoint$SocketProcessor.doRun(NioEndpoint.java:1744) ~[tomcat-embed-core-10.1.16.jar:10.1.16]
	at org.apache.tomcat.util.net.SocketProcessorBase.run(SocketProcessorBase.java:52) ~[tomcat-embed-core-10.1.16.jar:10.1.16]
	at org.apache.tomcat.util.threads.ThreadPoolExecutor.runWorker(ThreadPoolExecutor.java:1191) ~[tomcat-embed-core-10.1.16.jar:10.1.16]
	at org.apache.tomcat.util.threads.ThreadPoolExecutor$Worker.run(ThreadPoolExecutor.java:659) ~[tomcat-embed-core-10.1.16.jar:10.1.16]
	at org.apache.tomcat.util.threads.TaskThread$WrappingRunnable.run(TaskThread.java:61) ~[tomcat-embed-core-10.1.16.jar:10.1.16]
	at java.base/java.lang.Thread.run(Thread.java:1575) [?:?]
2025-05-25 08:29:34.993 [http-nio-8089-exec-3] INFO  cub.ret.tru.batch.service.BatchJobService [] [] [] - 查詢作業執行代號: GET_EMPLOYEE_JOB
2025-05-25 08:29:35.006 [http-nio-8089-exec-3] INFO  cub.ret.tru.batch.controller.BatchJobController [] [] [] - 查詢到作業 GET_EMPLOYEE_JOB 的執行代號: 37 個
2025-05-25 08:31:00.585 [http-nio-8089-exec-6] WARN  cub.ret.tru.batch.service.OptimizedLogStreamService [] [] [] - SSE 連接超時: bb4f22c0-a9c6-4e07-bbd5-22bed8e616b8
2025-05-25 08:31:00.585 [http-nio-8089-exec-6] INFO  cub.ret.tru.batch.service.OptimizedLogStreamService [] [] [] - 輪詢任務已取消: bb4f22c0-a9c6-4e07-bbd5-22bed8e616b8, 成功: true
2025-05-25 08:31:00.586 [http-nio-8089-exec-6] INFO  cub.ret.tru.batch.service.OptimizedLogStreamService [] [] [] - 連接已完全清理: bb4f22c0-a9c6-4e07-bbd5-22bed8e616b8, 剩餘活躍連接: 0, 剩餘輪詢任務: 0
2025-05-25 08:31:00.589 [http-nio-8089-exec-6] INFO  com.zaxxer.hikari.pool.ProxyLeakTask [] [] [] - Previously reported leaked connection org.postgresql.jdbc.PgConnection@6d617b07 on thread http-nio-8089-exec-1 was returned to the pool (unleaked)
2025-05-25 08:31:00.589 [http-nio-8089-exec-6] INFO  cub.ret.tru.batch.service.OptimizedLogStreamService [] [] [] - SSE 連接正常完成: bb4f22c0-a9c6-4e07-bbd5-22bed8e616b8
2025-05-25 08:31:00.590 [http-nio-8089-exec-6] INFO  cub.ret.tru.batch.service.OptimizedLogStreamService [] [] [] - 連接已完全清理: bb4f22c0-a9c6-4e07-bbd5-22bed8e616b8, 剩餘活躍連接: 0, 剩餘輪詢任務: 0
2025-05-25 08:31:12.598 [SpringApplicationShutdownHook] INFO  org.springframework.orm.jpa.LocalContainerEntityManagerFactoryBean [] [] [] - Closing JPA EntityManagerFactory for persistence unit 'default'
2025-05-25 08:31:12.599 [SpringApplicationShutdownHook] INFO  com.zaxxer.hikari.HikariDataSource [] [] [] - BatchLogHikariPool - Shutdown initiated...
2025-05-25 08:31:12.601 [SpringApplicationShutdownHook] INFO  com.zaxxer.hikari.HikariDataSource [] [] [] - BatchLogHikariPool - Shutdown completed.
